[0m14:51:30.619495 [debug] [MainThread]: Sending event: {'category': 'dbt', 'action': 'invocation', 'label': 'start', 'context': [<snowplow_tracker.self_describing_json.SelfDescribingJson object at 0x0000019760F493A0>, <snowplow_tracker.self_describing_json.SelfDescribingJson object at 0x00000197634D6F90>, <snowplow_tracker.self_describing_json.SelfDescribingJson object at 0x0000019762EB13D0>]}


============================== 14:51:30.652206 | 12bea7b4-6b54-433b-b97c-5fd953f447b0 ==============================
[0m14:51:30.652206 [info ] [MainThread]: Running with dbt=1.11.7
[0m14:51:30.653894 [debug] [MainThread]: running dbt with arguments {'version_check': 'True', 'no_print': 'None', 'static_parser': 'True', 'target_path': 'None', 'warn_error_options': 'WarnErrorOptionsV2(error=[], warn=[], silence=[])', 'printer_width': '80', 'write_json': 'True', 'empty': 'None', 'log_cache_events': 'False', 'introspect': 'True', 'cache_selected_only': 'False', 'fail_fast': 'False', 'debug': 'False', 'log_format': 'default', 'partial_parse': 'True', 'send_anonymous_usage_stats': 'True', 'quiet': 'False', 'warn_error': 'None', 'profiles_dir': 'C:\\Users\\jaysh\\.dbt', 'indirect_selection': 'eager', 'use_colors': 'True', 'invocation_command': 'dbt init dbt_project', 'use_experimental_parser': 'False', 'log_path': 'logs'}
[0m14:51:30.692748 [info ] [MainThread]: Creating dbt configuration folder at C:\Users\jaysh\.dbt
[0m14:51:30.696748 [debug] [MainThread]: Starter project path: C:\Users\jaysh\OpenSourceContributions\Self-Healing\Real-Time-Agentic-BI-Platform-Self-Healing-Dashboards-\venv\Lib\site-packages\dbt\include\starter_project
[0m14:51:30.738279 [info ] [MainThread]: 
Your new dbt project "dbt_project" was created!

For more information on how to configure the profiles.yml file,
please consult the dbt documentation here:

  https://docs.getdbt.com/docs/configure-your-profile

One more thing:

Need help? Don't hesitate to reach out to us via GitHub issues or on Slack:

  https://community.getdbt.com/

Happy modeling!

[0m14:51:30.739281 [info ] [MainThread]: Setting up your profile.
[0m14:53:02.584789 [info ] [MainThread]: Profile dbt_project written to C:\Users\jaysh\.dbt\profiles.yml using target's profile_template.yml and your supplied values. Run 'dbt debug' to validate the connection.
[0m14:53:02.586304 [debug] [MainThread]: Command `dbt init` succeeded at 14:53:02.586304 after 92.14 seconds
[0m14:53:02.587505 [debug] [MainThread]: Sending event: {'category': 'dbt', 'action': 'invocation', 'label': 'end', 'context': [<snowplow_tracker.self_describing_json.SelfDescribingJson object at 0x000001976354B230>, <snowplow_tracker.self_describing_json.SelfDescribingJson object at 0x000001976354B200>, <snowplow_tracker.self_describing_json.SelfDescribingJson object at 0x000001975FDBAEA0>]}
[0m14:53:02.587505 [debug] [MainThread]: Flushing usage events
[0m14:53:03.199861 [debug] [MainThread]: An error was encountered while trying to flush usage events
